:020000020000FC
:0400000000E010E02C
:00000001FF
