:020000020000FC
:1000000008E408E004E00BE105E100E000E001E0C5
:1000100000EC00E001E001E001E000E000E006E0CB
:1000200001E001E000E000E001E000E001E000E0CC
:1000300001E008E001E000E000E000E001E10BE1A8
:0800400001E001E001E000E035
:00000001FF
