:020000020000FC
:1000000000C00FEF0DBF08E00EBF259A2D9805B573
:10001000056005BD112405B300FD01D0FCCF01E052
:0C00200005BB13942D9817FE2D9A08952F
:00000001FF
